Performing C SOURCE FILE Test CMAKE_HAVE_LIBC_PTHREAD failed with the following output:
Change Dir: /home/hui/gr-sfcwRadar/build/CMakeFiles/CMakeTmp

Run Build Command(s):/usr/bin/make cmTC_9dcba/fast && /usr/bin/make -f CMakeFiles/cmTC_9dcba.dir/build.make CMakeFiles/cmTC_9dcba.dir/build
make[1]: Entering directory '/home/hui/gr-sfcwRadar/build/CMakeFiles/CMakeTmp'
Building C object CMakeFiles/cmTC_9dcba.dir/src.c.o
/usr/bin/cc   -DCMAKE_HAVE_LIBC_PTHREAD   -o CMakeFiles/cmTC_9dcba.dir/src.c.o   -c /home/hui/gr-sfcwRadar/build/CMakeFiles/CMakeTmp/src.c
Linking C executable cmTC_9dcba
/usr/bin/cmake -E cmake_link_script CMakeFiles/cmTC_9dcba.dir/link.txt --verbose=1
/usr/bin/cc  -DCMAKE_HAVE_LIBC_PTHREAD    CMakeFiles/cmTC_9dcba.dir/src.c.o  -o cmTC_9dcba 
/usr/bin/ld: CMakeFiles/cmTC_9dcba.dir/src.c.o: in function `main':
src.c:(.text+0x46): undefined reference to `pthread_create'
/usr/bin/ld: src.c:(.text+0x52): undefined reference to `pthread_detach'
/usr/bin/ld: src.c:(.text+0x63): undefined reference to `pthread_join'
collect2: error: ld returned 1 exit status
make[1]: *** [CMakeFiles/cmTC_9dcba.dir/build.make:87: cmTC_9dcba] Error 1
make[1]: Leaving directory '/home/hui/gr-sfcwRadar/build/CMakeFiles/CMakeTmp'
make: *** [Makefile:121: cmTC_9dcba/fast] Error 2


Source file was:
#include <pthread.h>

void* test_func(void* data)
{
  return data;
}

int main(void)
{
  pthread_t thread;
  pthread_create(&thread, NULL, test_func, NULL);
  pthread_detach(thread);
  pthread_join(thread, NULL);
  pthread_atfork(NULL, NULL, NULL);
  pthread_exit(NULL);

  return 0;
}

Determining if the function pthread_create exists in the pthreads failed with the following output:
Change Dir: /home/hui/gr-sfcwRadar/build/CMakeFiles/CMakeTmp

Run Build Command(s):/usr/bin/make cmTC_2f699/fast && /usr/bin/make -f CMakeFiles/cmTC_2f699.dir/build.make CMakeFiles/cmTC_2f699.dir/build
make[1]: Entering directory '/home/hui/gr-sfcwRadar/build/CMakeFiles/CMakeTmp'
Building C object CMakeFiles/cmTC_2f699.dir/CheckFunctionExists.c.o
/usr/bin/cc   -DCHECK_FUNCTION_EXISTS=pthread_create   -o CMakeFiles/cmTC_2f699.dir/CheckFunctionExists.c.o   -c /usr/share/cmake-3.16/Modules/CheckFunctionExists.c
Linking C executable cmTC_2f699
/usr/bin/cmake -E cmake_link_script CMakeFiles/cmTC_2f699.dir/link.txt --verbose=1
/usr/bin/cc  -DCHECK_FUNCTION_EXISTS=pthread_create    CMakeFiles/cmTC_2f699.dir/CheckFunctionExists.c.o  -o cmTC_2f699  -lpthreads 
/usr/bin/ld: cannot find -lpthreads
collect2: error: ld returned 1 exit status
make[1]: *** [CMakeFiles/cmTC_2f699.dir/build.make:87: cmTC_2f699] Error 1
make[1]: Leaving directory '/home/hui/gr-sfcwRadar/build/CMakeFiles/CMakeTmp'
make: *** [Makefile:121: cmTC_2f699/fast] Error 2



